#-----------------------------------------------------------
# Vivado v2017.4 (64-bit)
# SW Build 2086221 on Fri Dec 15 20:54:30 MST 2017
# IP Build 2085800 on Fri Dec 15 22:25:07 MST 2017
# Start of session at: Thu Mar 28 16:09:30 2019
# Process ID: 14049
# Current directory: /home/joterom/workspace/OctaveSax
# Command line: vivado
# Log file: /home/joterom/workspace/OctaveSax/vivado.log
# Journal file: /home/joterom/workspace/OctaveSax/vivado.jou
#-----------------------------------------------------------
start_gui
open_project /home/joterom/workspace/OctaveSax/Vivado/octave_main/octave_main.xpr
launch_simulation
open_wave_config /home/joterom/workspace/OctaveSax/Vivado/octave_main/octave_main.srcs/sim_1/imports/octave_main/test.wcfg
open_wave_config /home/joterom/workspace/OctaveSax/Vivado/octave_main/window_tb_behav.wcfg
source main_tb.tcl
restart
run 20 ms
close_sim
launch_simulation
open_wave_config /home/joterom/workspace/OctaveSax/Vivado/octave_main/octave_main.srcs/sim_1/imports/octave_main/test.wcfg
open_wave_config /home/joterom/workspace/OctaveSax/Vivado/octave_main/window_tb_behav.wcfg
source main_tb.tcl
restart
run 20 ms
restart
run 20 ms
restart
run 20 ms
relaunch_sim
restart
run 20 ms
reset_run synth_1
launch_runs impl_1 -to_step write_bitstream -jobs 2
wait_on_run impl_1
save_wave_config {/home/joterom/workspace/OctaveSax/Vivado/octave_main/octave_main.srcs/sim_1/imports/octave_main/test.wcfg}
close_sim
set_property is_enabled true [get_files  /home/joterom/workspace/OctaveSax/Vivado/octave_main/octave_main.srcs/sources_1/new/window_controller.vhd]
set_property is_enabled true [get_files  {{/home/joterom/workspace/OctaveSax/Vivado/octave_main/octave_main.srcs/sources_1/imports/ROM Data/stft_window.vhd} {/home/joterom/workspace/OctaveSax/Vivado/octave_main/octave_main.srcs/sources_1/imports/ROM Data/istft_window.vhd}}]
set_property is_enabled true [get_files  /home/joterom/workspace/OctaveSax/Vivado/octave_main/octave_main.srcs/sim_1/new/window_tb.vhd]
# Disabling source management mode.  This is to allow the top design properties to be set without GUI intervention.
set_property source_mgmt_mode None [current_project]
set_property top window_tb [get_filesets sim_1]
set_property top_lib xil_defaultlib [get_filesets sim_1]
# Re-enabling previously disabled source management mode.
set_property source_mgmt_mode DisplayOnly [current_project]
launch_simulation
launch_simulation
launch_simulation
launch_simulation
open_wave_config /home/joterom/workspace/OctaveSax/Vivado/octave_main/octave_main.srcs/sim_1/imports/octave_main/test.wcfg
open_wave_config /home/joterom/workspace/OctaveSax/Vivado/octave_main/window_tb_behav.wcfg
source window_tb.tcl
relaunch_sim
restart
run 50 ns
relaunch_sim
restart
run 50 ns
relaunch_sim
restart
run 50 ns
restart
run 70 ns
save_wave_config {/home/joterom/workspace/OctaveSax/Vivado/octave_main/window_tb_behav.wcfg}
close_sim
