#-----------------------------------------------------------
# Vivado v2017.4 (64-bit)
# SW Build 2086221 on Fri Dec 15 20:54:30 MST 2017
# IP Build 2085800 on Fri Dec 15 22:25:07 MST 2017
# Start of session at: Wed Mar 20 16:08:45 2019
# Process ID: 28531
# Current directory: /home/joterom/workspace/OctaveSax
# Command line: vivado
# Log file: /home/joterom/workspace/OctaveSax/vivado.log
# Journal file: /home/joterom/workspace/OctaveSax/vivado.jou
#-----------------------------------------------------------
start_gui
open_project /home/joterom/workspace/OctaveSax/Vivado/octave_main/octave_main.xpr
launch_simulation -mode post-implementation -type functional
set_property is_enabled false [get_files  /home/joterom/workspace/OctaveSax/Vivado/octave_main/octave_main.srcs/sources_1/new/fsm_global.vhd]
set_property is_enabled false [get_files  {/home/joterom/workspace/OctaveSax/Vivado/octave_main/octave_main.srcs/sim_1/new/display_test.vhd /home/joterom/workspace/OctaveSax/Vivado/octave_main/octave_main.srcs/sim_1/new/tb_fft_module.vhd /home/joterom/workspace/OctaveSax/Vivado/octave_main/octave_main.srcs/sim_1/new/window_tb.vhd}]
launch_simulation -mode post-implementation -type functional
set_property is_enabled true [get_files  /home/joterom/workspace/OctaveSax/Vivado/octave_main/octave_main.srcs/sources_1/new/fsm_global.vhd]
launch_simulation -mode post-implementation -type functional
set_property is_enabled false [get_files  /home/joterom/workspace/OctaveSax/Vivado/octave_main/octave_main.srcs/sources_1/new/fsm_global.vhd]
set_property is_enabled false [get_files  /home/joterom/workspace/OctaveSax/Vivado/octave_main/octave_main.srcs/sim_1/new/main_tb.vhd]
set_property is_enabled true [get_files  /home/joterom/workspace/OctaveSax/Vivado/octave_main/octave_main.srcs/sources_1/new/fsm_global.vhd]
launch_simulation -mode post-implementation -type functional
close_design
launch_simulation -mode post-synthesis -type functional
close_design
launch_simulation
set_property is_enabled true [get_files  /home/joterom/workspace/OctaveSax/Vivado/octave_main/octave_main.srcs/sim_1/new/main_tb.vhd]
set_property is_enabled false [get_files  /home/joterom/workspace/OctaveSax/Vivado/octave_main/octave_main.srcs/sources_1/new/fsm_global.vhd]
launch_simulation
open_wave_config /home/joterom/workspace/OctaveSax/Vivado/octave_main/octave_main.srcs/sim_1/imports/octave_main/test.wcfg
open_wave_config /home/joterom/workspace/OctaveSax/Vivado/octave_main/window_tb_behav.wcfg
source main_tb.tcl
set_property is_enabled true [get_files  /home/joterom/workspace/OctaveSax/Vivado/octave_main/octave_main.srcs/sources_1/new/fsm_global.vhd]
restart
restart
run 16 ms
save_wave_config {/home/joterom/workspace/OctaveSax/Vivado/octave_main/octave_main.srcs/sim_1/imports/octave_main/test.wcfg}
close_sim
reset_run synth_1
launch_simulation
launch_simulation
open_wave_config /home/joterom/workspace/OctaveSax/Vivado/octave_main/octave_main.srcs/sim_1/imports/octave_main/test.wcfg
open_wave_config /home/joterom/workspace/OctaveSax/Vivado/octave_main/window_tb_behav.wcfg
source main_tb.tcl
restart
run 16 ms
save_wave_config {/home/joterom/workspace/OctaveSax/Vivado/octave_main/octave_main.srcs/sim_1/imports/octave_main/test.wcfg}
close_sim
