#-----------------------------------------------------------
# Vivado v2017.2 (64-bit)
# SW Build 1909853 on Thu Jun 15 18:39:09 MDT 2017
# IP Build 1909766 on Thu Jun 15 19:58:00 MDT 2017
# Start of session at: Tue Feb  5 20:30:46 2019
# Process ID: 7524
# Current directory: D:/UNI/TFG/OctaveSax/Vivado/PmodI2S2
# Command line: vivado.exe -gui_launcher_event rodinguilauncherevent9344 D:\UNI\TFG\OctaveSax\Vivado\PmodI2S2\PmodI2S2.xpr
# Log file: D:/UNI/TFG/OctaveSax/Vivado/PmodI2S2/vivado.log
# Journal file: D:/UNI/TFG/OctaveSax/Vivado/PmodI2S2\vivado.jou
#-----------------------------------------------------------
start_gui
open_project D:/UNI/TFG/OctaveSax/Vivado/PmodI2S2/PmodI2S2.xpr
update_compile_order -fileset sources_1
save_project_as pmod_example D:/UNI/TFG/OctaveSax/Vivado/pmod_example -force
open_hw
connect_hw_server
open_hw_target
set_property PROGRAM.FILE {D:/UNI/TFG/OctaveSax/Vivado/pmod_example/pmod_example.runs/impl_1/top.bit} [get_hw_devices xc7a100t_0]
current_hw_device [get_hw_devices xc7a100t_0]
refresh_hw_device -update_hw_probes false [lindex [get_hw_devices xc7a100t_0] 0]
set_property PROBES.FILE {} [get_hw_devices xc7a100t_0]
set_property FULL_PROBES.FILE {} [get_hw_devices xc7a100t_0]
set_property PROGRAM.FILE {D:/UNI/TFG/OctaveSax/Vivado/pmod_example/pmod_example.runs/impl_1/top.bit} [get_hw_devices xc7a100t_0]
program_hw_devices [get_hw_devices xc7a100t_0]
refresh_hw_device [lindex [get_hw_devices xc7a100t_0] 0]
close_hw
open_hw
connect_hw_server
open_hw_target
set_property PROGRAM.FILE {D:/UNI/TFG/OctaveSax/Vivado/pmod_example/pmod_example.runs/impl_1/top.bit} [get_hw_devices xc7a100t_0]
current_hw_device [get_hw_devices xc7a100t_0]
refresh_hw_device -update_hw_probes false [lindex [get_hw_devices xc7a100t_0] 0]
set_property PROBES.FILE {} [get_hw_devices xc7a100t_0]
set_property FULL_PROBES.FILE {} [get_hw_devices xc7a100t_0]
set_property PROGRAM.FILE {D:/UNI/TFG/OctaveSax/Vivado/pmod_example/pmod_example.runs/impl_1/top.bit} [get_hw_devices xc7a100t_0]
program_hw_devices [get_hw_devices xc7a100t_0]
refresh_hw_device [lindex [get_hw_devices xc7a100t_0] 0]
close_hw
open_hw
connect_hw_server
open_hw_target
set_property PROGRAM.FILE {D:/UNI/TFG/OctaveSax/Vivado/pmod_example/pmod_example.runs/impl_1/top.bit} [get_hw_devices xc7a100t_0]
current_hw_device [get_hw_devices xc7a100t_0]
refresh_hw_device -update_hw_probes false [lindex [get_hw_devices xc7a100t_0] 0]
set_property PROBES.FILE {} [get_hw_devices xc7a100t_0]
set_property FULL_PROBES.FILE {} [get_hw_devices xc7a100t_0]
set_property PROGRAM.FILE {D:/UNI/TFG/OctaveSax/Vivado/pmod_example/pmod_example.runs/impl_1/top.bit} [get_hw_devices xc7a100t_0]
program_hw_devices [get_hw_devices xc7a100t_0]
refresh_hw_device [lindex [get_hw_devices xc7a100t_0] 0]
