#-----------------------------------------------------------
# Vivado v2017.4 (64-bit)
# SW Build 2086221 on Fri Dec 15 20:54:30 MST 2017
# IP Build 2085800 on Fri Dec 15 22:25:07 MST 2017
# Start of session at: Thu Apr 25 16:39:49 2019
# Process ID: 26158
# Current directory: /home/joterom/workspace/OctaveSax/Vivado/octave_main
# Command line: vivado
# Log file: /home/joterom/workspace/OctaveSax/Vivado/octave_main/vivado.log
# Journal file: /home/joterom/workspace/OctaveSax/Vivado/octave_main/vivado.jou
#-----------------------------------------------------------
start_gui
open_project /home/joterom/workspace/OctaveSax/Vivado/octave_main/octave_main.xpr
launch_simulation
open_wave_config /home/joterom/workspace/OctaveSax/Vivado/octave_main/octave_main.srcs/sim_1/imports/octave_main/test.wcfg
open_wave_config /home/joterom/workspace/OctaveSax/Vivado/octave_main/window_tb_behav.wcfg
open_wave_config /home/joterom/workspace/OctaveSax/Vivado/octave_main/fft.wcfg
source main_tb.tcl
restart
run 20 ms
set_property is_enabled true [get_files  /home/joterom/workspace/OctaveSax/Vivado/octave_main/octave_main.srcs/sources_1/new/freq_dom_controller.vhd]
relaunch_sim
restart
run 20 ms
relaunch_sim
restart
run 20 ms
close_sim
