#-----------------------------------------------------------
# Vivado v2017.4 (64-bit)
# SW Build 2086221 on Fri Dec 15 20:55:39 MST 2017
# IP Build 2085800 on Fri Dec 15 22:25:07 MST 2017
# Start of session at: Sat Feb 23 17:30:38 2019
# Process ID: 11640
# Current directory: D:/UNI/TFG/OctaveSax/Vivado/octave_main
# Command line: vivado.exe -gui_launcher_event rodinguilauncherevent4976 D:\UNI\TFG\OctaveSax\Vivado\octave_main\octave_main.xpr
# Log file: D:/UNI/TFG/OctaveSax/Vivado/octave_main/vivado.log
# Journal file: D:/UNI/TFG/OctaveSax/Vivado/octave_main\vivado.jou
#-----------------------------------------------------------
start_gui
open_project D:/UNI/TFG/OctaveSax/Vivado/octave_main/octave_main.xpr
close [ open D:/UNI/TFG/OctaveSax/Vivado/octave_main/octave_main.srcs/sources_1/new/display_interface.vhd w ]
add_files D:/UNI/TFG/OctaveSax/Vivado/octave_main/octave_main.srcs/sources_1/new/display_interface.vhd
close [ open D:/UNI/TFG/OctaveSax/Vivado/octave_main/octave_main.srcs/sources_1/new/display_counter.vhd w ]
add_files D:/UNI/TFG/OctaveSax/Vivado/octave_main/octave_main.srcs/sources_1/new/display_counter.vhd
reset_run synth_1
launch_runs synth_1 -jobs 2
wait_on_run synth_1
reset_run synth_1
launch_runs synth_1 -jobs 2
wait_on_run synth_1
launch_runs impl_1 -jobs 2
wait_on_run impl_1
launch_runs impl_1 -to_step write_bitstream -jobs 2
wait_on_run impl_1
